OziExplorer Map Data File Version 2.2
10_5.jpg
10_5.jpg
1 ,Map Code,
WGS 84,,   0.0000,   0.0000,WGS 84
Reserved 1
Reserved 2
Magnetic Variation,,,E
Map Projection,Mercator,PolyCal,No,AutoCalOnly,No,BSBUseWPX,No
Point01,xy,    0, 0,in, deg, 56, 50.7044,N, 53, 29.3116,E, grid,   ,           ,           ,N
Point02,xy,    944, 0,in, deg, 56, 50.7044,N, 53, 30.5269,E, grid,   ,           ,           ,N
Point03,xy,    1888, 0,in, deg, 56, 50.7044,N, 53, 31.7423,E, grid,   ,           ,           ,N
Point04,xy,    0, 478,in, deg, 56, 50.3671,N, 53, 29.3116,E, grid,   ,           ,           ,N
Point05,xy,    944, 478,in, deg, 56, 50.3671,N, 53, 30.5269,E, grid,   ,           ,           ,N
Point06,xy,    1888, 478,in, deg, 56, 50.3671,N, 53, 31.7423,E, grid,   ,           ,           ,N
Point07,xy,    0, 956,in, deg, 56, 50.0298,N, 53, 29.3116,E, grid,   ,           ,           ,N
Point08,xy,    944, 956,in, deg, 56, 50.0298,N, 53, 30.5269,E, grid,   ,           ,           ,N
Point09,xy,    1888, 956,in, deg, 56, 50.0298,N, 53, 31.7423,E, grid,   ,           ,           ,N
Point10,xy,     ,     ,in, deg,    ,        ,N,    ,        ,W, grid,   ,           ,           ,N
Point11,xy,     ,     ,in, deg,    ,        ,N,    ,        ,W, grid,   ,           ,           ,N
Point12,xy,     ,     ,in, deg,    ,        ,N,    ,        ,W, grid,   ,           ,           ,N
Point13,xy,     ,     ,in, deg,    ,        ,N,    ,        ,W, grid,   ,           ,           ,N
Point14,xy,     ,     ,in, deg,    ,        ,N,    ,        ,W, grid,   ,           ,           ,N
Point15,xy,     ,     ,in, deg,    ,        ,N,    ,        ,W, grid,   ,           ,           ,N
Point16,xy,     ,     ,in, deg,    ,        ,N,    ,        ,W, grid,   ,           ,           ,N
Point17,xy,     ,     ,in, deg,    ,        ,N,    ,        ,W, grid,   ,           ,           ,N
Point18,xy,     ,     ,in, deg,    ,        ,N,    ,        ,W, grid,   ,           ,           ,N
Point19,xy,     ,     ,in, deg,    ,        ,N,    ,        ,W, grid,   ,           ,           ,N
Point20,xy,     ,     ,in, deg,    ,        ,N,    ,        ,W, grid,   ,           ,           ,N
Point21,xy,     ,     ,in, deg,    ,        ,N,    ,        ,W, grid,   ,           ,           ,N
Point22,xy,     ,     ,in, deg,    ,        ,N,    ,        ,W, grid,   ,           ,           ,N
Point23,xy,     ,     ,in, deg,    ,        ,N,    ,        ,W, grid,   ,           ,           ,N
Point24,xy,     ,     ,in, deg,    ,        ,N,    ,        ,W, grid,   ,           ,           ,N
Point25,xy,     ,     ,in, deg,    ,        ,N,    ,        ,W, grid,   ,           ,           ,N
Point26,xy,     ,     ,in, deg,    ,        ,N,    ,        ,W, grid,   ,           ,           ,N
Point27,xy,     ,     ,in, deg,    ,        ,N,    ,        ,W, grid,   ,           ,           ,N
Point28,xy,     ,     ,in, deg,    ,        ,N,    ,        ,W, grid,   ,           ,           ,N
Point29,xy,     ,     ,in, deg,    ,        ,N,    ,        ,W, grid,   ,           ,           ,N
Point30,xy,     ,     ,in, deg,    ,        ,N,    ,        ,W, grid,   ,           ,           ,N
Projection Setup,,,,,,,,,,
Map Feature = MF ; Map Comment = MC     These follow if they exist
Track File = TF      These follow if they exist
Moving Map Parameters = MM?    These follow if they exist
MM0,Yes
MMPNUM,4
MMPXY,1,0,0
MMPXY,2,1888,0
MMPXY,3,1888,956
MMPXY,4,0,956
MMPLL,1, 53.488526, 56.845073
MMPLL,2, 53.529038, 56.845073
MMPLL,3, 53.529038, 56.833829
MMPLL,4, 53.488526, 56.833829
MM1B,1.306564
MOP,Map Open Position,0,0
IWH,Map Image Width/Height,1888,956
